
> tmpproject@0.1.0 build
> next build

  ▲ Next.js 14.2.35
  - Environments: .env.local

   Creating an optimized production build ...
 ✓ Compiled successfully
   Linting and checking validity of types ...

Failed to compile.

./components/BentoItem.tsx
60:13  Warning: Using `<img>` could result in slower LCP and higher bandwidth. Consider using `<Image />` from `next/image` to automatically optimize images. This may incur additional usage or cost from your provider. See: https://nextjs.org/docs/messages/no-img-element  @next/next/no-img-element

./components/SlideInPanel.tsx
47:15  Warning: Using `<img>` could result in slower LCP and higher bandwidth. Consider using `<Image />` from `next/image` to automatically optimize images. This may incur additional usage or cost from your provider. See: https://nextjs.org/docs/messages/no-img-element  @next/next/no-img-element

./lib/api-utils.ts
9:12  Error: 'e' is defined but never used.  @typescript-eslint/no-unused-vars
14:77  Error: Unexpected any. Specify a different type.  @typescript-eslint/no-explicit-any

./lib/config.ts
1:24  Error: 'HomepageBlocks' is defined but never used.  @typescript-eslint/no-unused-vars
126:31  Error: Unexpected any. Specify a different type.  @typescript-eslint/no-explicit-any

info  - Need to disable some ESLint rules? Learn more here: https://nextjs.org/docs/basic-features/eslint#disabling-rules
